[skillbits.in/index.html]
[backblue.gif]
[fade.gif]
[index.html]
[omnisrc.com/inshop/launcher-v2.js]
[skillbits.in/index-2.html]
[skillbits.in/images/logo1.png]
[skillbits.in/about.html]
[skillbits.in/Staffing_and_Recruitment.html]
[skillbits.in/Campus_Recruitment_Training.html]
[skillbits.in/Temporary_Staffing.html]
[skillbits.in/Soft_Skill_Training.html]
[skillbits.in/Payroll_Outsourcing.html]
[skillbits.in/RPO.html]
[skillbits.in/HR_Policy.html]
[skillbits.in/Corporate_Training.html]
[skillbits.in/career.html]
[skillbits.in/contact.html]
[skillbits.in/images/banner/banner-feature.png]
[skillbits.in/images/about/about-us.jpg]
[skillbits.in/images/courses/course-1.jpg]
[skillbits.in/images/courses/course-2.jpg]
[skillbits.in/images/courses/course-3.jpg]
[skillbits.in/images/courses/course-4.jpg]
[skillbits.in/plugins/jQuery/jquery.min.js]
[skillbits.in/plugins/bootstrap/bootstrap.min.js]
[skillbits.in/plugins/slick/slick.min.js]
[skillbits.in/plugins/aos/aos.js]
[skillbits.in/plugins/venobox/venobox.min.js]
[skillbits.in/plugins/mixitup/mixitup.min.js]
[skillbits.in/plugins/google-map/gmap.js]
[skillbits.in/js/script.js]
[img1.wsimg.com/tcc/tcc_l.combined.1.0.6.min.js]
[skillbits.in/index.html]
[skillbits.in/plugins/bootstrap/bootstrap.min.css]
[skillbits.in/plugins/slick/slick.css]
[skillbits.in/plugins/themify-icons/fonts/themify9f24.eot]
[skillbits.in/plugins/themify-icons/fonts/themifyd41d.eot]
[skillbits.in/plugins/themify-icons/fonts/themify9f24.woff]
[skillbits.in/plugins/themify-icons/fonts/themify9f24.ttf]
[skillbits.in/plugins/themify-icons/themify-icons.css]
[skillbits.in/plugins/animate/animate.css]
[skillbits.in/plugins/aos/aos.css]
[skillbits.in/plugins/venobox/venobox.css]
[skillbits.in/css/style.css]
[skillbits.in/index-2.html]
[skillbits.in/images/backgrounds/page-title.jpg]
[skillbits.in/images/about/about-page.jpg]
[skillbits.in/about.html]
[skillbits.in/images/s1.jpg]
[skillbits.in/Staffing_and_Recruitment.html]
[skillbits.in/Campus_Recruitment_Training.html]
[skillbits.in/Temporary_Staffing.html]
[skillbits.in/images/s4.png]
[skillbits.in/Soft_Skill_Training.html]
[skillbits.in/images/payroll.png]
[skillbits.in/Payroll_Outsourcing.html]
[skillbits.in/images/rpo.png]
[skillbits.in/RPO.html]
[skillbits.in/images/hr.png]
[skillbits.in/HR_Policy.html]
[skillbits.in/Corporate_Training.html]
[skillbits.in/images/bg_1.jpg]
[skillbits.in/Full_stack_developer.html]
[skillbits.in/images/bg_2.jpg]
[skillbits.in/UI_developer.html]
[skillbits.in/images/bg_3.jpg]
[skillbits.in/Java_developer.html]
[skillbits.in/career.html]
[skillbits.in/contact.html]
[img1.wsimg.com/tcc/tcc_l.combined.1.0.6.min.js]
[skillbits.in/plugins/themify-icons/fonts/themify9f24.svg]
[skillbits.in/images/images.html]
[skillbits.in/Full_stack_developer.html]
[skillbits.in/UI_developer.html]
[skillbits.in/Java_developer.html]
[skillbits.in/images/favicon.html]
[skillbits.in/courses.html]
[skillbits.in/fonts/Futura-Bold.html]
[skillbits.in/@@page-link.html]
